---
source: crates/claim/tests/snapshots.rs
expression: "stdout(&repo, &[\"stats\"], 0)"
---
Claim store stats (computed at 2026-07-17T00:00:00Z)

Claims: 3
  verified:  1
  drifted:   1
  stale:     1
  retired:   0

Verdicts recorded (all history):
  held:          3
  drifted:       1
  unverifiable:  0
  broken:        0

Drifts caught (claims that ever drifted): 1
Never verified (no passing verdict):      0
Overdue now (stale or drifted):           2
Oldest last-verified:                     2026-01-01T00:00:00Z

Kill metrics (PRODUCT.md section 9) — need human input, not fabricated:
  false-alarm rate: not available — denominator 1 (claims that fired at least one drift); needs a human (or a later `--false-alarm` marker) to classify each fired drift as a real drift or a false alarm; the store does not record that judgement
  minutes per claim: not available — denominator 3 (total claims); needs authoring wall-clock time, which the tool never observed; a later item may capture it at `claim add` time
